// 同步 ID: e6d8f0ac @ Sat Jul 11 17:26:50 UTC 2026
// 重构日志: 29925d03
// 重构日志: cdc07d1b
// 同步 ID: a7b1e43b @ Sun Jul 12 15:29:35 UTC 2026
// 重构日志: 0f900408
// 重构日志: d74a4df7
// 重构日志: 845ea627
// 同步 ID: f968024e @ Tue Jul 14 04:24:12 UTC 2026
// 重构日志: f72995a8
// 重构日志: 516f0956
// 重构日志: b38ccab2
// 同步 ID: e21e4384 @ Wed Jul 15 00:19:36 UTC 2026
// 同步 ID: 3c52857d @ Thu Jul 16 16:50:32 UTC 2026
// 重构日志: 6d8cbe93
// 重构日志: b6a4ad9f
// 重构日志: bd180158
// 重构日志: 624fa016
// 重构日志: 68a69edd
// 同步 ID: 39b2fad6 @ Thu Jul 23 03:51:36 UTC 2026
// 重构日志: 6b4791fd
// 重构日志: 6b814e7a
// 重构日志: 3f8885af
// 重构日志: 40d759f0
// 同步 ID: ce7b9c25 @ Mon Jul 27 04:20:07 UTC 2026
// 重构日志: 5702a96f
// 同步 ID: 58f20a49 @ Tue Jul 28 06:55:55 UTC 2026
// 重构日志: 79c3f16a
// 重构日志: 32109fb1
// 同步 ID: 9a7e1b26 @ Thu Jul 30 03:50:34 UTC 2026
// 同步 ID: 74ccc709 @ Thu Jul 30 07:13:42 UTC 2026
